[INFO] Scanning for projects...
[INFO] 
[INFO] ------------------------< com.uniflow:uniflow >-------------------------
[INFO] Building UniFlow System 1.0.0
[INFO]   from pom.xml
[INFO] --------------------------------[ jar ]---------------------------------
[INFO] 
[INFO] --- resources:3.3.1:resources (default-resources) @ uniflow ---
[INFO] Copying 3 resources from src\main\resources to target\classes
[INFO] Copying 0 resource from src\main\resources to target\classes
[INFO] 
[INFO] --- compiler:3.13.0:compile (default-compile) @ uniflow ---
[INFO] Recompiling the module because of changed source code.
[INFO] Compiling 65 source files with javac [debug parameters release 21] to target\classes
[INFO] /C:/Users/bonface/Documents/uniflow/uniflow-backend/src/main/java/com/uniflow/servlet/AuthenticationServlet.java: C:\Users\bonface\Documents\uniflow\uniflow-backend\src\main\java\com\uniflow\servlet\AuthenticationServlet.java uses unchecked or unsafe operations.
[INFO] /C:/Users/bonface/Documents/uniflow/uniflow-backend/src/main/java/com/uniflow/servlet/AuthenticationServlet.java: Recompile with -Xlint:unchecked for details.
[INFO] -------------------------------------------------------------
[ERROR] COMPILATION ERROR : 
[INFO] -------------------------------------------------------------
[ERROR] /C:/Users/bonface/Documents/uniflow/uniflow-backend/src/main/java/com/uniflow/servlet/RequestServlet.java:[53,53] cannot find symbol
  symbol:   method saveRequest(com.uniflow.model.CourseUnitRequest)
  location: variable requestService of type com.uniflow.service.RequestService
[ERROR] /C:/Users/bonface/Documents/uniflow/uniflow-backend/src/main/java/com/uniflow/servlet/BookingServlet.java:[56,52] incompatible types: java.util.Optional<com.uniflow.model.Venue> cannot be converted to com.uniflow.model.Venue
[ERROR] /C:/Users/bonface/Documents/uniflow/uniflow-backend/src/main/java/com/uniflow/servlet/BookingServlet.java:[72,43] cannot find symbol
  symbol:   method saveBooking(com.uniflow.model.Booking)
  location: variable bookingService of type com.uniflow.service.BookingService
[INFO] 3 errors 
[INFO] -------------------------------------------------------------
[INFO] ------------------------------------------------------------------------
[INFO] BUILD FAILURE
[INFO] ------------------------------------------------------------------------
[INFO] Total time:  14.052 s
[INFO] Finished at: 2026-04-05T18:42:19+03:00
[INFO] ------------------------------------------------------------------------
[ERROR] Failed to execute goal org.apache.maven.plugins:maven-compiler-plugin:3.13.0:compile (default-compile) on project uniflow: Compilation failure: Compilation failure: 
[ERROR] /C:/Users/bonface/Documents/uniflow/uniflow-backend/src/main/java/com/uniflow/servlet/RequestServlet.java:[53,53] cannot find symbol
[ERROR]   symbol:   method saveRequest(com.uniflow.model.CourseUnitRequest)
[ERROR]   location: variable requestService of type com.uniflow.service.RequestService
[ERROR] /C:/Users/bonface/Documents/uniflow/uniflow-backend/src/main/java/com/uniflow/servlet/BookingServlet.java:[56,52] incompatible types: java.util.Optional<com.uniflow.model.Venue> cannot be converted to com.uniflow.model.Venue
[ERROR] /C:/Users/bonface/Documents/uniflow/uniflow-backend/src/main/java/com/uniflow/servlet/BookingServlet.java:[72,43] cannot find symbol
[ERROR]   symbol:   method saveBooking(com.uniflow.model.Booking)
[ERROR]   location: variable bookingService of type com.uniflow.service.BookingService
[ERROR] -> [Help 1]
[ERROR] 
[ERROR] To see the full stack trace of the errors, re-run Maven with the -e switch.
[ERROR] Re-run Maven using the -X switch to enable full debug logging.
[ERROR] 
[ERROR] For more information about the errors and possible solutions, please read the following articles:
[ERROR] [Help 1] http://cwiki.apache.org/confluence/display/MAVEN/MojoFailureException
